---
http_interactions:
- request:
    method: post
    uri: http://localhost:8080/hawkular/alerts/import/all
    body:
      encoding: UTF-8
      string: '{"triggers":[{"trigger":{"id":"hello-world-trigger","name":"Hello World
        Trigger","description":"A mandatory Hello World Trigger","severity":"HIGH","enabled":true,"actions":[{"actionPlugin":"email","actionId":"notify-to-admins"}]},"conditions":[{"triggerMode":"FIRING","type":"threshold","dataId":"data-x","operator":"LT","threshold":5},{"triggerMode":"FIRING","type":"threshold","dataId":"data-y","operator":"GT","threshold":5}]}],"actions":[{"actionPlugin":"email","actionId":"notify-to-admins","properties":{"to":"admins@hawkular.org","cc":"developers@hawkular.org"}}]}'
    headers:
      Accept:
      - application/json
      Accept-Encoding:
      - identity
      User-Agent:
      - hawkular-client-ruby
      Hawkular-Tenant:
      - hawkular
      Content-Type:
      - application/json
      Content-Length:
      - '571'
      Host:
      - localhost:8080
      Authorization:
      - Basic amRvZTpwYXNzd29yZA==
  response:
    status:
      code: 200
      message: OK
    headers:
      Expires:
      - '0'
      Cache-Control:
      - no-cache, no-store, must-revalidate
      X-Powered-By:
      - Undertow/1
      Server:
      - WildFly/10
      Pragma:
      - no-cache
      Date:
      - Wed, 25 Oct 2017 13:42:58 GMT
      Connection:
      - keep-alive
      Content-Type:
      - application/json
      Content-Length:
      - '1189'
    body:
      encoding: UTF-8
      string: '{"triggers":[{"trigger":{"tenantId":"hawkular","id":"hello-world-trigger","name":"Hello
        World Trigger","description":"A mandatory Hello World Trigger","type":"STANDARD","eventType":"ALERT","eventCategory":null,"eventText":null,"severity":"HIGH","actions":[{"tenantId":"hawkular","actionPlugin":"email","actionId":"notify-to-admins"}],"autoDisable":false,"autoEnable":false,"autoResolve":false,"autoResolveAlerts":true,"autoResolveMatch":"ALL","enabled":true,"firingMatch":"ALL","source":"_none_"},"conditions":[{"tenantId":"hawkular","triggerId":"hello-world-trigger","triggerMode":"FIRING","type":"THRESHOLD","conditionSetSize":1,"conditionSetIndex":1,"conditionId":"hawkular-hello-world-trigger-FIRING-1-1","dataId":"data-x","operator":"LT","threshold":5.0},{"tenantId":"hawkular","triggerId":"hello-world-trigger","triggerMode":"FIRING","type":"THRESHOLD","conditionSetSize":2,"conditionSetIndex":2,"conditionId":"hawkular-hello-world-trigger-FIRING-2-2","dataId":"data-y","operator":"GT","threshold":5.0}]}],"actions":[{"tenantId":"hawkular","actionPlugin":"email","actionId":"notify-to-admins","global":false,"properties":{"to":"admins@hawkular.org","cc":"developers@hawkular.org"}}]}'
    http_version: 
  recorded_at: Wed, 25 Oct 2017 13:42:58 GMT
- request:
    method: get
    uri: http://localhost:8080/hawkular/alerts/triggers/hello-world-trigger
    body:
      encoding: US-ASCII
      string: ''
    headers:
      Accept:
      - application/json
      Accept-Encoding:
      - identity
      User-Agent:
      - hawkular-client-ruby
      Hawkular-Tenant:
      - hawkular
      Content-Type:
      - application/json
      Host:
      - localhost:8080
      Authorization:
      - Basic amRvZTpwYXNzd29yZA==
  response:
    status:
      code: 200
      message: OK
    headers:
      Expires:
      - '0'
      Cache-Control:
      - no-cache, no-store, must-revalidate
      X-Powered-By:
      - Undertow/1
      Server:
      - WildFly/10
      Pragma:
      - no-cache
      Date:
      - Wed, 25 Oct 2017 13:42:58 GMT
      Connection:
      - keep-alive
      Content-Type:
      - application/json
      Content-Length:
      - '472'
    body:
      encoding: UTF-8
      string: '{"tenantId":"hawkular","id":"hello-world-trigger","name":"Hello World
        Trigger","description":"A mandatory Hello World Trigger","type":"STANDARD","eventType":"ALERT","eventCategory":null,"eventText":null,"severity":"HIGH","actions":[{"tenantId":"hawkular","actionPlugin":"email","actionId":"notify-to-admins"}],"autoDisable":false,"autoEnable":false,"autoResolve":false,"autoResolveAlerts":true,"autoResolveMatch":"ALL","enabled":true,"firingMatch":"ALL","source":"_none_"}'
    http_version: 
  recorded_at: Wed, 25 Oct 2017 13:42:58 GMT
- request:
    method: get
    uri: http://localhost:8080/hawkular/alerts/triggers/hello-world-trigger/conditions
    body:
      encoding: US-ASCII
      string: ''
    headers:
      Accept:
      - application/json
      Accept-Encoding:
      - identity
      User-Agent:
      - hawkular-client-ruby
      Hawkular-Tenant:
      - hawkular
      Content-Type:
      - application/json
      Host:
      - localhost:8080
      Authorization:
      - Basic amRvZTpwYXNzd29yZA==
  response:
    status:
      code: 200
      message: OK
    headers:
      Expires:
      - '0'
      Cache-Control:
      - no-cache, no-store, must-revalidate
      X-Powered-By:
      - Undertow/1
      Server:
      - WildFly/10
      Pragma:
      - no-cache
      Date:
      - Wed, 25 Oct 2017 13:42:58 GMT
      Connection:
      - keep-alive
      Content-Type:
      - application/json
      Content-Length:
      - '499'
    body:
      encoding: UTF-8
      string: '[{"tenantId":"hawkular","triggerId":"hello-world-trigger","triggerMode":"FIRING","type":"THRESHOLD","conditionSetSize":2,"conditionSetIndex":1,"conditionId":"hawkular-hello-world-trigger-FIRING-2-1","dataId":"data-x","operator":"LT","threshold":5.0},{"tenantId":"hawkular","triggerId":"hello-world-trigger","triggerMode":"FIRING","type":"THRESHOLD","conditionSetSize":2,"conditionSetIndex":2,"conditionId":"hawkular-hello-world-trigger-FIRING-2-2","dataId":"data-y","operator":"GT","threshold":5.0}]'
    http_version: 
  recorded_at: Wed, 25 Oct 2017 13:42:58 GMT
- request:
    method: get
    uri: http://localhost:8080/hawkular/alerts/triggers/hello-world-trigger/dampenings
    body:
      encoding: US-ASCII
      string: ''
    headers:
      Accept:
      - application/json
      Accept-Encoding:
      - identity
      User-Agent:
      - hawkular-client-ruby
      Hawkular-Tenant:
      - hawkular
      Content-Type:
      - application/json
      Host:
      - localhost:8080
      Authorization:
      - Basic amRvZTpwYXNzd29yZA==
  response:
    status:
      code: 200
      message: OK
    headers:
      Expires:
      - '0'
      Cache-Control:
      - no-cache, no-store, must-revalidate
      X-Powered-By:
      - Undertow/1
      Server:
      - WildFly/10
      Pragma:
      - no-cache
      Date:
      - Wed, 25 Oct 2017 13:42:58 GMT
      Connection:
      - keep-alive
      Content-Type:
      - application/json
      Content-Length:
      - '2'
    body:
      encoding: UTF-8
      string: "[]"
    http_version: 
  recorded_at: Wed, 25 Oct 2017 13:42:58 GMT
- request:
    method: delete
    uri: http://localhost:8080/hawkular/alerts/triggers/hello-world-trigger
    body:
      encoding: US-ASCII
      string: ''
    headers:
      Accept:
      - application/json
      Accept-Encoding:
      - identity
      User-Agent:
      - hawkular-client-ruby
      Hawkular-Tenant:
      - hawkular
      Content-Type:
      - application/json
      Host:
      - localhost:8080
      Authorization:
      - Basic amRvZTpwYXNzd29yZA==
  response:
    status:
      code: 200
      message: OK
    headers:
      Expires:
      - '0'
      Cache-Control:
      - no-cache, no-store, must-revalidate
      X-Powered-By:
      - Undertow/1
      Server:
      - WildFly/10
      Pragma:
      - no-cache
      Date:
      - Wed, 25 Oct 2017 13:42:58 GMT
      Connection:
      - keep-alive
      Content-Type:
      - application/json
      Content-Length:
      - '0'
    body:
      encoding: UTF-8
      string: ''
    http_version: 
  recorded_at: Wed, 25 Oct 2017 13:42:58 GMT
recorded_with: VCR 3.0.3
