---
http_interactions:
- request:
    method: get
    uri: http://localhost:8080/hawkular/metrics/counters/<%= id %>/raw/
    body:
      encoding: US-ASCII
      string: ''
    headers:
      Accept:
      - application/json
      Accept-Encoding:
      - identity
      User-Agent:
      - hawkular-client-ruby
      Hawkular-Tenant:
      - hawkular
      Content-Type:
      - application/json
      Authorization: 'Basic amRvZTpwYXNzd29yZA==

'
  response:
    status:
      code: 204
      message: No Content
    headers:
      Expires:
      - '0'
      Cache-Control:
      - no-cache, no-store, must-revalidate
      X-Powered-By:
      - Undertow/1
      Server:
      - WildFly/10
      Pragma:
      - no-cache
      Date:
      - Wed, 05 Apr 2017 08:18:50 GMT
    body:
      encoding: UTF-8
      string: ''
    http_version: 
  recorded_at: Wed, 05 Apr 2017 08:18:50 GMT
- request:
    method: post
    uri: http://localhost:8080/hawkular/metrics/metrics/raw
    body:
      encoding: UTF-8
      string: '{"gauges":[],"counters":[{"id":"<%= id %>","data":[{"value":100.0,"timestamp":1491380330192}]}],"availabilities":[],"strings":[]}'
    headers:
      Accept:
      - application/json
      Accept-Encoding:
      - identity
      User-Agent:
      - hawkular-client-ruby
      Hawkular-Tenant:
      - hawkular
      Content-Type:
      - application/json
      Content-Length:
      - '156'
      Authorization: 'Basic amRvZTpwYXNzd29yZA==

'
  response:
    status:
      code: 200
      message: OK
    headers:
      Expires:
      - '0'
      Connection:
      - keep-alive
      Cache-Control:
      - no-cache, no-store, must-revalidate
      X-Powered-By:
      - Undertow/1
      Server:
      - WildFly/10
      Pragma:
      - no-cache
      Content-Length:
      - '0'
      Date:
      - Wed, 05 Apr 2017 08:18:50 GMT
    body:
      encoding: UTF-8
      string: ''
    http_version: 
  recorded_at: Wed, 05 Apr 2017 08:18:50 GMT
- request:
    method: post
    uri: http://localhost:8080/hawkular/metrics/metrics/raw
    body:
      encoding: UTF-8
      string: '{"gauges":[],"counters":[{"id":"<%= id %>","data":[{"value":110.0,"timestamp":1491380330197}]}],"availabilities":[],"strings":[]}'
    headers:
      Accept:
      - application/json
      Accept-Encoding:
      - identity
      User-Agent:
      - hawkular-client-ruby
      Hawkular-Tenant:
      - hawkular
      Content-Type:
      - application/json
      Content-Length:
      - '156'
      Authorization: 'Basic amRvZTpwYXNzd29yZA==

'
  response:
    status:
      code: 200
      message: OK
    headers:
      Expires:
      - '0'
      Connection:
      - keep-alive
      Cache-Control:
      - no-cache, no-store, must-revalidate
      X-Powered-By:
      - Undertow/1
      Server:
      - WildFly/10
      Pragma:
      - no-cache
      Content-Length:
      - '0'
      Date:
      - Wed, 05 Apr 2017 08:18:50 GMT
    body:
      encoding: UTF-8
      string: ''
    http_version: 
  recorded_at: Wed, 05 Apr 2017 08:18:50 GMT
- request:
    method: post
    uri: http://localhost:8080/hawkular/metrics/metrics/raw
    body:
      encoding: UTF-8
      string: '{"gauges":[],"counters":[{"id":"<%= id %>","data":[{"value":130.0,"timestamp":1491380330201}]}],"availabilities":[],"strings":[]}'
    headers:
      Accept:
      - application/json
      Accept-Encoding:
      - identity
      User-Agent:
      - hawkular-client-ruby
      Hawkular-Tenant:
      - hawkular
      Content-Type:
      - application/json
      Content-Length:
      - '156'
      Authorization: 'Basic amRvZTpwYXNzd29yZA==

'
  response:
    status:
      code: 200
      message: OK
    headers:
      Expires:
      - '0'
      Connection:
      - keep-alive
      Cache-Control:
      - no-cache, no-store, must-revalidate
      X-Powered-By:
      - Undertow/1
      Server:
      - WildFly/10
      Pragma:
      - no-cache
      Content-Length:
      - '0'
      Date:
      - Wed, 05 Apr 2017 08:18:50 GMT
    body:
      encoding: UTF-8
      string: ''
    http_version: 
  recorded_at: Wed, 05 Apr 2017 08:18:50 GMT
- request:
    method: post
    uri: http://localhost:8080/hawkular/metrics/metrics/raw
    body:
      encoding: UTF-8
      string: '{"gauges":[],"counters":[{"id":"<%= id %>","data":[{"value":200.0,"timestamp":1491380330206}]}],"availabilities":[],"strings":[]}'
    headers:
      Accept:
      - application/json
      Accept-Encoding:
      - identity
      User-Agent:
      - hawkular-client-ruby
      Hawkular-Tenant:
      - hawkular
      Content-Type:
      - application/json
      Content-Length:
      - '156'
      Authorization: 'Basic amRvZTpwYXNzd29yZA==

'
  response:
    status:
      code: 200
      message: OK
    headers:
      Expires:
      - '0'
      Connection:
      - keep-alive
      Cache-Control:
      - no-cache, no-store, must-revalidate
      X-Powered-By:
      - Undertow/1
      Server:
      - WildFly/10
      Pragma:
      - no-cache
      Content-Length:
      - '0'
      Date:
      - Wed, 05 Apr 2017 08:18:50 GMT
    body:
      encoding: UTF-8
      string: ''
    http_version: 
  recorded_at: Wed, 05 Apr 2017 08:18:50 GMT
- request:
    method: get
    uri: http://localhost:8080/hawkular/metrics/counters/<%= id %>/raw/
    body:
      encoding: US-ASCII
      string: ''
    headers:
      Accept:
      - application/json
      Accept-Encoding:
      - identity
      User-Agent:
      - hawkular-client-ruby
      Hawkular-Tenant:
      - hawkular
      Content-Type:
      - application/json
      Authorization: 'Basic amRvZTpwYXNzd29yZA==

'
  response:
    status:
      code: 200
      message: OK
    headers:
      Expires:
      - '0'
      Cache-Control:
      - no-cache, no-store, must-revalidate
      X-Powered-By:
      - Undertow/1
      Server:
      - WildFly/10
      Pragma:
      - no-cache
      Date:
      - Wed, 05 Apr 2017 08:18:50 GMT
      Connection:
      - keep-alive
      Content-Type:
      - application/json
      Content-Length:
      - '161'
    body:
      encoding: UTF-8
      string: '[{"timestamp":1491380330206,"value":200},{"timestamp":1491380330201,"value":130},{"timestamp":1491380330197,"value":110},{"timestamp":1491380330192,"value":100}]'
    http_version: 
  recorded_at: Wed, 05 Apr 2017 08:18:50 GMT
- request:
    method: post
    uri: http://localhost:8080/hawkular/metrics/metrics/stats/query
    body:
      encoding: UTF-8
      string: '{"metrics":{"gauge":[],"counter":["<%= id %>"],"availability":[]},"start":1491380330192,"end":1491380330207,"bucketDuration":"15ms","types":["gauge","gauge_rate","counter","counter_rate","availability"]}'
    headers:
      Accept:
      - application/json
      Accept-Encoding:
      - identity
      User-Agent:
      - hawkular-client-ruby
      Hawkular-Tenant:
      - hawkular
      Content-Type:
      - application/json
      Content-Length:
      - '230'
      Authorization: 'Basic amRvZTpwYXNzd29yZA==

'
  response:
    status:
      code: 200
      message: OK
    headers:
      Expires:
      - '0'
      Cache-Control:
      - no-cache, no-store, must-revalidate
      X-Powered-By:
      - Undertow/1
      Server:
      - WildFly/10
      Pragma:
      - no-cache
      Date:
      - Wed, 05 Apr 2017 08:18:50 GMT
      Connection:
      - keep-alive
      Content-Type:
      - application/json
      Content-Length:
      - '394'
    body:
      encoding: UTF-8
      string: '{"counter_rate":{"<%= id %>":[{"start":1491380330192,"end":1491380330207,"min":120000.0,"avg":420000.0,"median":300000.0,"max":840000.0,"sum":1260000.0,"samples":3,"empty":false}]},"counter":{"<%=
        id %>":[{"start":1491380330192,"end":1491380330207,"min":100.0,"avg":135.0,"median":110.0,"max":200.0,"sum":540.0,"samples":4,"empty":false}]}}'
    http_version: 
  recorded_at: Wed, 05 Apr 2017 08:18:50 GMT
recorded_with: VCR 3.0.3
