---
http_interactions:
- request:
    method: get
    uri: http://jdoe:password@localhost:8080/hawkular/metrics/status
    body:
      encoding: US-ASCII
      string: ''
    headers:
      Accept:
      - application/json
      Accept-Encoding:
      - identity
      User-Agent:
      - hawkular-client-ruby
      Hawkular-Tenant:
      - <%= vcr_test_tenant %>
      Content-Type:
      - application/json
      Host:
      - localhost:8080
  response:
    status:
      code: 200
      message: OK
    headers:
      Connection:
      - keep-alive
      X-Powered-By:
      - Undertow/1
      Server:
      - WildFly/10
      Content-Type:
      - application/json
      Content-Length:
      - '136'
      Date:
      - Thu, 13 Oct 2016 12:21:05 GMT
    body:
      encoding: UTF-8
      string: '{"MetricsService":"STARTED","Implementation-Version":"0.21.0-SNAPSHOT","Built-From-Git-SHA1":"76bbbc218644d08636888a40f7f1b62c83343443"}'
    http_version: 
  recorded_at: Thu, 13 Oct 2016 12:21:05 GMT
- request:
    method: post
    uri: http://jdoe:password@localhost:8080/hawkular/metrics/counters/raw/query
    body:
      encoding: UTF-8
      string: '{"ids":["<%= id1 %>","<%= id2 %>","<%= id3 %>"],"start":null,"end":null,"limit":null,"order":null}'
    headers:
      Accept:
      - application/json
      Accept-Encoding:
      - identity
      User-Agent:
      - hawkular-client-ruby
      Hawkular-Tenant:
      - <%= vcr_test_tenant %>
      Content-Type:
      - application/json
      Content-Length:
      - '176'
      Host:
      - localhost:8080
  response:
    status:
      code: 204
      message: No Content
    headers:
      Expires:
      - '0'
      Cache-Control:
      - no-cache, no-store, must-revalidate
      X-Powered-By:
      - Undertow/1
      Server:
      - WildFly/10
      Pragma:
      - no-cache
      Date:
      - Thu, 13 Oct 2016 12:21:05 GMT
    body:
      encoding: UTF-8
      string: ''
    http_version: 
  recorded_at: Thu, 13 Oct 2016 12:21:05 GMT
- request:
    method: post
    uri: http://jdoe:password@localhost:8080/hawkular/metrics/gauges/raw/query
    body:
      encoding: UTF-8
      string: '{"ids":["<%= id1 %>","<%= id2 %>","<%= id3 %>"],"start":null,"end":null,"limit":null,"order":null}'
    headers:
      Accept:
      - application/json
      Accept-Encoding:
      - identity
      User-Agent:
      - hawkular-client-ruby
      Hawkular-Tenant:
      - <%= vcr_test_tenant %>
      Content-Type:
      - application/json
      Content-Length:
      - '176'
      Host:
      - localhost:8080
  response:
    status:
      code: 204
      message: No Content
    headers:
      Expires:
      - '0'
      Cache-Control:
      - no-cache, no-store, must-revalidate
      X-Powered-By:
      - Undertow/1
      Server:
      - WildFly/10
      Pragma:
      - no-cache
      Date:
      - Thu, 13 Oct 2016 12:21:05 GMT
    body:
      encoding: UTF-8
      string: ''
    http_version: 
  recorded_at: Thu, 13 Oct 2016 12:21:05 GMT
- request:
    method: post
    uri: http://jdoe:password@localhost:8080/hawkular/metrics/availability/raw/query
    body:
      encoding: UTF-8
      string: '{"ids":["<%= id1 %>","<%= id2 %>","<%= id3 %>"],"start":null,"end":null,"limit":null,"order":null}'
    headers:
      Accept:
      - application/json
      Accept-Encoding:
      - identity
      User-Agent:
      - hawkular-client-ruby
      Hawkular-Tenant:
      - <%= vcr_test_tenant %>
      Content-Type:
      - application/json
      Content-Length:
      - '176'
      Host:
      - localhost:8080
  response:
    status:
      code: 204
      message: No Content
    headers:
      Expires:
      - '0'
      Cache-Control:
      - no-cache, no-store, must-revalidate
      X-Powered-By:
      - Undertow/1
      Server:
      - WildFly/10
      Pragma:
      - no-cache
      Date:
      - Thu, 13 Oct 2016 12:21:05 GMT
    body:
      encoding: UTF-8
      string: ''
    http_version: 
  recorded_at: Thu, 13 Oct 2016 12:21:05 GMT
- request:
    method: post
    uri: http://jdoe:password@localhost:8080/hawkular/metrics/metrics/raw
    body:
      encoding: UTF-8
      string: '{"gauges":[{"id":"<%= id1 %>","data":[{"value":1.1,"timestamp":1476361265753}]},{"id":"<%= id2 %>","data":[{"value":2.2,"timestamp":1476361265753}]},{"id":"<%= id3 %>","data":[{"value":3.3,"timestamp":1476361265753}]}],"counters":[{"id":"<%= id1 %>","data":[{"value":1,"timestamp":1476361265753}]},{"id":"<%= id2 %>","data":[{"value":2,"timestamp":1476361265753}]},{"id":"<%= id3 %>","data":[{"value":3,"timestamp":1476361265753}]}],"availabilities":[{"id":"<%= id1 %>","data":[{"value":"up","timestamp":1476361265753}]},{"id":"<%= id2 %>","data":[{"value":"down","timestamp":1476361265753}]},{"id":"<%= id3 %>","data":[{"value":"up","timestamp":1476361265753}]},{"id":"<%= id4 %>","data":[{"value":"up","timestamp":10000},{"value":"down","timestamp":100000},{"value":"admin","timestamp":1000000}]}],"strings":[]}'
    headers:
      Accept:
      - application/json
      Accept-Encoding:
      - identity
      User-Agent:
      - hawkular-client-ruby
      Hawkular-Tenant:
      - <%= vcr_test_tenant %>
      Content-Type:
      - application/json
      Content-Length:
      - '1073'
      Host:
      - localhost:8080
  response:
    status:
      code: 200
      message: OK
    headers:
      Expires:
      - '0'
      Connection:
      - keep-alive
      Cache-Control:
      - no-cache, no-store, must-revalidate
      X-Powered-By:
      - Undertow/1
      Server:
      - WildFly/10
      Pragma:
      - no-cache
      Content-Length:
      - '0'
      Date:
      - Thu, 13 Oct 2016 12:21:05 GMT
    body:
      encoding: UTF-8
      string: ''
    http_version: 
  recorded_at: Thu, 13 Oct 2016 12:21:05 GMT
- request:
    method: post
    uri: http://jdoe:password@localhost:8080/hawkular/metrics/counters/raw/query
    body:
      encoding: UTF-8
      string: '{"ids":["<%= id1 %>","<%= id2 %>","<%= id3 %>"],"start":null,"end":null,"limit":null,"order":null}'
    headers:
      Accept:
      - application/json
      Accept-Encoding:
      - identity
      User-Agent:
      - hawkular-client-ruby
      Hawkular-Tenant:
      - <%= vcr_test_tenant %>
      Content-Type:
      - application/json
      Content-Length:
      - '176'
      Host:
      - localhost:8080
  response:
    status:
      code: 200
      message: OK
    headers:
      Expires:
      - '0'
      Cache-Control:
      - no-cache, no-store, must-revalidate
      X-Powered-By:
      - Undertow/1
      Server:
      - WildFly/10
      Pragma:
      - no-cache
      Date:
      - Thu, 13 Oct 2016 12:21:05 GMT
      Connection:
      - keep-alive
      Content-Type:
      - application/json
      Content-Length:
      - '280'
    body:
      encoding: UTF-8
      string: '[{"id":"<%= id1 %>","data":[{"timestamp":1476361265753,"value":1}]},{"id":"<%= id2 %>","data":[{"timestamp":1476361265753,"value":2}]},{"id":"<%= id3 %>","data":[{"timestamp":1476361265753,"value":3}]}]'
    http_version: 
  recorded_at: Thu, 13 Oct 2016 12:21:05 GMT
- request:
    method: post
    uri: http://jdoe:password@localhost:8080/hawkular/metrics/gauges/raw/query
    body:
      encoding: UTF-8
      string: '{"ids":["<%= id1 %>","<%= id2 %>","<%= id3 %>"],"start":null,"end":null,"limit":null,"order":null}'
    headers:
      Accept:
      - application/json
      Accept-Encoding:
      - identity
      User-Agent:
      - hawkular-client-ruby
      Hawkular-Tenant:
      - <%= vcr_test_tenant %>
      Content-Type:
      - application/json
      Content-Length:
      - '176'
      Host:
      - localhost:8080
  response:
    status:
      code: 200
      message: OK
    headers:
      Expires:
      - '0'
      Cache-Control:
      - no-cache, no-store, must-revalidate
      X-Powered-By:
      - Undertow/1
      Server:
      - WildFly/10
      Pragma:
      - no-cache
      Date:
      - Thu, 13 Oct 2016 12:21:06 GMT
      Connection:
      - keep-alive
      Content-Type:
      - application/json
      Content-Length:
      - '286'
    body:
      encoding: UTF-8
      string: '[{"id":"<%= id1 %>","data":[{"timestamp":1476361265753,"value":1.1}]},{"id":"<%= id2 %>","data":[{"timestamp":1476361265753,"value":2.2}]},{"id":"<%= id3 %>","data":[{"timestamp":1476361265753,"value":3.3}]}]'
    http_version: 
  recorded_at: Thu, 13 Oct 2016 12:21:06 GMT
- request:
    method: post
    uri: http://jdoe:password@localhost:8080/hawkular/metrics/availability/raw/query
    body:
      encoding: UTF-8
      string: '{"ids":["<%= id1 %>","<%= id2 %>","<%= id3 %>"],"start":null,"end":null,"limit":null,"order":null}'
    headers:
      Accept:
      - application/json
      Accept-Encoding:
      - identity
      User-Agent:
      - hawkular-client-ruby
      Hawkular-Tenant:
      - <%= vcr_test_tenant %>
      Content-Type:
      - application/json
      Content-Length:
      - '176'
      Host:
      - localhost:8080
  response:
    status:
      code: 200
      message: OK
    headers:
      Expires:
      - '0'
      Cache-Control:
      - no-cache, no-store, must-revalidate
      X-Powered-By:
      - Undertow/1
      Server:
      - WildFly/10
      Pragma:
      - no-cache
      Date:
      - Thu, 13 Oct 2016 12:21:06 GMT
      Connection:
      - keep-alive
      Content-Type:
      - application/json
      Content-Length:
      - '291'
    body:
      encoding: UTF-8
      string: '[{"id":"<%= id1 %>","data":[{"timestamp":1476361265753,"value":"up"}]},{"id":"<%= id2 %>","data":[{"timestamp":1476361265753,"value":"down"}]},{"id":"<%= id3 %>","data":[{"timestamp":1476361265753,"value":"up"}]}]'
    http_version: 
  recorded_at: Thu, 13 Oct 2016 12:21:06 GMT
- request:
    method: get
    uri: http://jdoe:password@localhost:8080/hawkular/metrics/availability/<%= id4 %>/raw/?distinct=true&end=2000000&order=ASC&start=100
    body:
      encoding: US-ASCII
      string: ''
    headers:
      Accept:
      - application/json
      Accept-Encoding:
      - identity
      User-Agent:
      - hawkular-client-ruby
      Hawkular-Tenant:
      - <%= vcr_test_tenant %>
      Content-Type:
      - application/json
      Host:
      - localhost:8080
  response:
    status:
      code: 200
      message: OK
    headers:
      Expires:
      - '0'
      Cache-Control:
      - no-cache, no-store, must-revalidate
      X-Powered-By:
      - Undertow/1
      Server:
      - WildFly/10
      Pragma:
      - no-cache
      Date:
      - Thu, 13 Oct 2016 12:21:06 GMT
      Connection:
      - keep-alive
      Content-Type:
      - application/json
      Content-Length:
      - '108'
    body:
      encoding: UTF-8
      string: '[{"timestamp":10000,"value":"up"},{"timestamp":100000,"value":"down"},{"timestamp":1000000,"value":"admin"}]'
    http_version: 
  recorded_at: Thu, 13 Oct 2016 12:21:06 GMT
recorded_with: VCR 3.0.3
