---
http_interactions:
- request:
    method: post
    uri: http://localhost:8080/hawkular/metrics/metrics/raw
    body:
      encoding: UTF-8
      string: '{"gauges":[],"counters":[{"id":"<%= id %>","data":[{"value":1,"timestamp":1509437606527}]}],"availabilities":[],"strings":[]}'
    headers:
      Accept:
      - application/json
      Accept-Encoding:
      - identity
      User-Agent:
      - hawkular-client-ruby
      Hawkular-Tenant:
      - hawkular
      Content-Type:
      - application/json
      Content-Length:
      - '152'
      Host:
      - localhost:8080
      Authorization:
      - Basic amRvZTpwYXNzd29yZA==
  response:
    status:
      code: 200
      message: OK
    headers:
      Expires:
      - '0'
      Connection:
      - keep-alive
      Cache-Control:
      - no-cache, no-store, must-revalidate
      X-Powered-By:
      - Undertow/1
      Server:
      - WildFly/10
      Pragma:
      - no-cache
      Content-Length:
      - '0'
      Date:
      - Tue, 31 Oct 2017 08:13:26 GMT
    body:
      encoding: UTF-8
      string: ''
    http_version: 
  recorded_at: Tue, 31 Oct 2017 08:13:26 GMT
- request:
    method: get
    uri: http://localhost:8080/hawkular/metrics/counters/<%= id %>/raw/
    body:
      encoding: US-ASCII
      string: ''
    headers:
      Accept:
      - application/json
      Accept-Encoding:
      - identity
      User-Agent:
      - hawkular-client-ruby
      Hawkular-Tenant:
      - hawkular
      Content-Type:
      - application/json
      Host:
      - localhost:8080
      Authorization:
      - Basic amRvZTpwYXNzd29yZA==
  response:
    status:
      code: 200
      message: OK
    headers:
      Expires:
      - '0'
      Cache-Control:
      - no-cache, no-store, must-revalidate
      X-Powered-By:
      - Undertow/1
      Server:
      - WildFly/10
      Pragma:
      - no-cache
      Date:
      - Tue, 31 Oct 2017 08:13:26 GMT
      Connection:
      - keep-alive
      Content-Type:
      - application/json
      Content-Length:
      - '39'
    body:
      encoding: UTF-8
      string: '[{"timestamp":1509437606527,"value":1}]'
    http_version: 
  recorded_at: Tue, 31 Oct 2017 08:13:26 GMT
- request:
    method: post
    uri: http://localhost:8080/hawkular/metrics/metrics/raw
    body:
      encoding: UTF-8
      string: '{"gauges":[],"counters":[],"availabilities":[{"id":"<%= id %>","data":[{"value":"down","timestamp":1509437606535}]}],"strings":[]}'
    headers:
      Accept:
      - application/json
      Accept-Encoding:
      - identity
      User-Agent:
      - hawkular-client-ruby
      Hawkular-Tenant:
      - hawkular
      Content-Type:
      - application/json
      Content-Length:
      - '157'
      Host:
      - localhost:8080
      Authorization:
      - Basic amRvZTpwYXNzd29yZA==
  response:
    status:
      code: 200
      message: OK
    headers:
      Expires:
      - '0'
      Connection:
      - keep-alive
      Cache-Control:
      - no-cache, no-store, must-revalidate
      X-Powered-By:
      - Undertow/1
      Server:
      - WildFly/10
      Pragma:
      - no-cache
      Content-Length:
      - '0'
      Date:
      - Tue, 31 Oct 2017 08:13:26 GMT
    body:
      encoding: UTF-8
      string: ''
    http_version: 
  recorded_at: Tue, 31 Oct 2017 08:13:26 GMT
- request:
    method: get
    uri: http://localhost:8080/hawkular/metrics/availability/<%= id %>/raw/
    body:
      encoding: US-ASCII
      string: ''
    headers:
      Accept:
      - application/json
      Accept-Encoding:
      - identity
      User-Agent:
      - hawkular-client-ruby
      Hawkular-Tenant:
      - hawkular
      Content-Type:
      - application/json
      Host:
      - localhost:8080
      Authorization:
      - Basic amRvZTpwYXNzd29yZA==
  response:
    status:
      code: 200
      message: OK
    headers:
      Expires:
      - '0'
      Cache-Control:
      - no-cache, no-store, must-revalidate
      X-Powered-By:
      - Undertow/1
      Server:
      - WildFly/10
      Pragma:
      - no-cache
      Date:
      - Tue, 31 Oct 2017 08:13:26 GMT
      Connection:
      - keep-alive
      Content-Type:
      - application/json
      Content-Length:
      - '44'
    body:
      encoding: UTF-8
      string: '[{"timestamp":1509437606535,"value":"down"}]'
    http_version: 
  recorded_at: Tue, 31 Oct 2017 08:13:26 GMT
- request:
    method: post
    uri: http://localhost:8080/hawkular/metrics/metrics/raw
    body:
      encoding: UTF-8
      string: '{"gauges":[{"id":"<%= id %>","data":[{"value":1.1,"timestamp":1509437606543}]}],"counters":[],"availabilities":[],"strings":[]}'
    headers:
      Accept:
      - application/json
      Accept-Encoding:
      - identity
      User-Agent:
      - hawkular-client-ruby
      Hawkular-Tenant:
      - hawkular
      Content-Type:
      - application/json
      Content-Length:
      - '154'
      Host:
      - localhost:8080
      Authorization:
      - Basic amRvZTpwYXNzd29yZA==
  response:
    status:
      code: 200
      message: OK
    headers:
      Expires:
      - '0'
      Connection:
      - keep-alive
      Cache-Control:
      - no-cache, no-store, must-revalidate
      X-Powered-By:
      - Undertow/1
      Server:
      - WildFly/10
      Pragma:
      - no-cache
      Content-Length:
      - '0'
      Date:
      - Tue, 31 Oct 2017 08:13:26 GMT
    body:
      encoding: UTF-8
      string: ''
    http_version: 
  recorded_at: Tue, 31 Oct 2017 08:13:26 GMT
- request:
    method: get
    uri: http://localhost:8080/hawkular/metrics/gauges/<%= id %>/raw/
    body:
      encoding: US-ASCII
      string: ''
    headers:
      Accept:
      - application/json
      Accept-Encoding:
      - identity
      User-Agent:
      - hawkular-client-ruby
      Hawkular-Tenant:
      - hawkular
      Content-Type:
      - application/json
      Host:
      - localhost:8080
      Authorization:
      - Basic amRvZTpwYXNzd29yZA==
  response:
    status:
      code: 200
      message: OK
    headers:
      Expires:
      - '0'
      Cache-Control:
      - no-cache, no-store, must-revalidate
      X-Powered-By:
      - Undertow/1
      Server:
      - WildFly/10
      Pragma:
      - no-cache
      Date:
      - Tue, 31 Oct 2017 08:13:26 GMT
      Connection:
      - keep-alive
      Content-Type:
      - application/json
      Content-Length:
      - '41'
    body:
      encoding: UTF-8
      string: '[{"timestamp":1509437606543,"value":1.1}]'
    http_version: 
  recorded_at: Tue, 31 Oct 2017 08:13:26 GMT
recorded_with: VCR 3.0.3
