---
http_interactions:
- request:
    method: get
    uri: http://localhost:8080/<%= tenant %>/metrics/status
    body:
      encoding: US-ASCII
      string: ''
    headers:
      Accept:
      - application/json
      Accept-Encoding:
      - identity
      User-Agent:
      - <%= tenant %>-client-ruby
      Hawkular-Tenant:
      - <%= tenant %>
      Content-Type:
      - application/json
      Host:
      - localhost:8080
      Authorization:
      - Basic amRvZTpwYXNzd29yZA==
  response:
    status:
      code: 200
      message: OK
    headers:
      Connection:
      - keep-alive
      X-Powered-By:
      - Undertow/1
      Server:
      - WildFly/10
      Content-Type:
      - application/json
      Content-Length:
      - '150'
      Date:
      - Wed, 25 Oct 2017 13:43:04 GMT
    body:
      encoding: UTF-8
      string: '{"MetricsService":"STARTED","Implementation-Version":"0.26.1.Final","Built-From-Git-SHA1":"45b148c834ed62018f153c23187b4436ae4208fe","Cassandra":"up"}'
    http_version: 
  recorded_at: Wed, 25 Oct 2017 13:43:04 GMT
- request:
    method: get
    uri: http://localhost:8080/<%= tenant %>/inventory/status
    body:
      encoding: US-ASCII
      string: ''
    headers:
      Accept:
      - application/json
      Accept-Encoding:
      - identity
      User-Agent:
      - <%= tenant %>-client-ruby
      Hawkular-Tenant:
      - <%= tenant %>
      Content-Type:
      - application/json
      Host:
      - localhost:8080
      Authorization:
      - Basic amRvZTpwYXNzd29yZA==
  response:
    status:
      code: 200
      message: OK
    headers:
      Connection:
      - keep-alive
      X-Powered-By:
      - Undertow/1
      Server:
      - WildFly/10
      Content-Type:
      - application/json
      Content-Length:
      - '173'
      Date:
      - Wed, 25 Oct 2017 13:43:04 GMT
    body:
      encoding: UTF-8
      string: '{"Implementation-Version":"0.9.8.Final-SRC-revision-ce866b1ade2d7413f055f461eb36d004ff2888d8","Built-From-Git-SHA1":"ce866b1ade2d7413f055f461eb36d004ff2888d8","status":"UP"}'
    http_version: 
  recorded_at: Wed, 25 Oct 2017 13:43:04 GMT
- request:
    method: get
    uri: http://localhost:8080/<%= tenant %>/inventory/resources?typeId=Platform_Memory
    body:
      encoding: US-ASCII
      string: ''
    headers:
      Accept:
      - application/json
      Accept-Encoding:
      - identity
      User-Agent:
      - <%= tenant %>-client-ruby
      Hawkular-Tenant:
      - <%= tenant %>
      Content-Type:
      - application/json
      Host:
      - localhost:8080
      Authorization:
      - Basic amRvZTpwYXNzd29yZA==
  response:
    status:
      code: 200
      message: OK
    headers:
      Expires:
      - '0'
      Cache-Control:
      - no-cache, no-store, must-revalidate
      X-Powered-By:
      - Undertow/1
      Server:
      - WildFly/10
      Pragma:
      - no-cache
      Date:
      - Wed, 25 Oct 2017 13:43:04 GMT
      Connection:
      - keep-alive
      Content-Type:
      - application/json
      Content-Length:
      - '1020'
    body:
      encoding: UTF-8
      string: '{"results":[{"id":"716e7f866181~platform~/OPERATING_SYSTEM=716e7f866181_OperatingSystem/MEMORY=Memory","name":"Memory","feedId":"716e7f866181","type":{"id":"Platform_Memory","operations":[],"properties":{}},"parentId":"716e7f866181~platform~/OPERATING_SYSTEM=716e7f866181_OperatingSystem","metrics":[{"name":"Total
        Memory","type":"Total Memory","unit":"BYTES","properties":{"<%= tenant %>.metric.typeId":"Platform_Memory_Total
        Memory","<%= tenant %>.metric.type":"GAUGE","<%= tenant %>.metric.id":"MI~R~[716e7f866181/716e7f866181~platform~/OPERATING_SYSTEM=716e7f866181_OperatingSystem/MEMORY=Memory]~MT~Platform_Memory_Total
        Memory"}},{"name":"Available Memory","type":"Available Memory","unit":"BYTES","properties":{"<%= tenant %>.metric.typeId":"Platform_Memory_Available
        Memory","<%= tenant %>.metric.type":"GAUGE","<%= tenant %>.metric.id":"MI~R~[716e7f866181/716e7f866181~platform~/OPERATING_SYSTEM=716e7f866181_OperatingSystem/MEMORY=Memory]~MT~Platform_Memory_Available
        Memory"}}],"properties":{},"config":{}}],"resultSize":1,"startOffset":0}'
    http_version: 
  recorded_at: Wed, 25 Oct 2017 13:43:04 GMT
- request:
    method: get
    uri: http://localhost:8080/<%= tenant %>/metrics/gauges/MI~R~%5B716e7f866181%2F716e7f866181~platform~%2FOPERATING_SYSTEM=716e7f866181_OperatingSystem%2FMEMORY=Memory%5D~MT~Platform_Memory_Total%20Memory/raw/
    body:
      encoding: US-ASCII
      string: ''
    headers:
      Accept:
      - application/json
      Accept-Encoding:
      - identity
      User-Agent:
      - <%= tenant %>-client-ruby
      Hawkular-Tenant:
      - <%= tenant %>
      Content-Type:
      - application/json
      Host:
      - localhost:8080
      Authorization:
      - Basic amRvZTpwYXNzd29yZA==
  response:
    status:
      code: 200
      message: OK
    headers:
      Expires:
      - '0'
      Cache-Control:
      - no-cache, no-store, must-revalidate
      X-Powered-By:
      - Undertow/1
      Server:
      - WildFly/10
      Pragma:
      - no-cache
      Date:
      - Wed, 25 Oct 2017 13:43:04 GMT
      Connection:
      - keep-alive
      Content-Type:
      - application/json
      Content-Length:
      - '157'
    body:
      encoding: UTF-8
      string: '[{"timestamp":1508938954023,"value":1.6233447424E10},{"timestamp":1508938654053,"value":1.6233447424E10},{"timestamp":1508938354079,"value":1.6233447424E10}]'
    http_version: 
  recorded_at: Wed, 25 Oct 2017 13:43:04 GMT
recorded_with: VCR 3.0.3
